// Jest Snapshot v1, https://goo.gl/fbAQLP

exports[`renders correctly 1`] = `
<View
  style={
    {
      "marginHorizontal": 16,
      "marginVertical": 8,
      "padding": 20,
    }
  }
>
  <Text>
    test text
  </Text>
  <View>
    <RNCPicker
      items={
        [
          {
            "label": "0",
            "testID": undefined,
            "textColor": undefined,
            "value": 0,
          },
          {
            "label": "1",
            "testID": undefined,
            "textColor": undefined,
            "value": 1,
          },
          {
            "label": "2",
            "testID": undefined,
            "textColor": undefined,
            "value": 2,
          },
          {
            "label": "3",
            "testID": undefined,
            "textColor": undefined,
            "value": 3,
          },
          {
            "label": "4",
            "testID": undefined,
            "textColor": undefined,
            "value": 4,
          },
          {
            "label": "5",
            "testID": undefined,
            "textColor": undefined,
            "value": 5,
          },
          {
            "label": "6",
            "testID": undefined,
            "textColor": undefined,
            "value": 6,
          },
          {
            "label": "7",
            "testID": undefined,
            "textColor": undefined,
            "value": 7,
          },
          {
            "label": "8",
            "testID": undefined,
            "textColor": undefined,
            "value": 8,
          },
          {
            "label": "9",
            "testID": undefined,
            "textColor": undefined,
            "value": 9,
          },
          {
            "label": "10",
            "testID": undefined,
            "textColor": undefined,
            "value": 10,
          },
          {
            "label": "11",
            "testID": undefined,
            "textColor": undefined,
            "value": 11,
          },
          {
            "label": "12",
            "testID": undefined,
            "textColor": undefined,
            "value": 12,
          },
          {
            "label": "13",
            "testID": undefined,
            "textColor": undefined,
            "value": 13,
          },
          {
            "label": "14",
            "testID": undefined,
            "textColor": undefined,
            "value": 14,
          },
          {
            "label": "15",
            "testID": undefined,
            "textColor": undefined,
            "value": 15,
          },
          {
            "label": "16",
            "testID": undefined,
            "textColor": undefined,
            "value": 16,
          },
          {
            "label": "17",
            "testID": undefined,
            "textColor": undefined,
            "value": 17,
          },
          {
            "label": "18",
            "testID": undefined,
            "textColor": undefined,
            "value": 18,
          },
          {
            "label": "19",
            "testID": undefined,
            "textColor": undefined,
            "value": 19,
          },
          {
            "label": "20",
            "testID": undefined,
            "textColor": undefined,
            "value": 20,
          },
          {
            "label": "21",
            "testID": undefined,
            "textColor": undefined,
            "value": 21,
          },
          {
            "label": "22",
            "testID": undefined,
            "textColor": undefined,
            "value": 22,
          },
          {
            "label": "23",
            "testID": undefined,
            "textColor": undefined,
            "value": 23,
          },
          {
            "label": "24",
            "testID": undefined,
            "textColor": undefined,
            "value": 24,
          },
          {
            "label": "25",
            "testID": undefined,
            "textColor": undefined,
            "value": 25,
          },
          {
            "label": "26",
            "testID": undefined,
            "textColor": undefined,
            "value": 26,
          },
          {
            "label": "27",
            "testID": undefined,
            "textColor": undefined,
            "value": 27,
          },
          {
            "label": "28",
            "testID": undefined,
            "textColor": undefined,
            "value": 28,
          },
          {
            "label": "29",
            "testID": undefined,
            "textColor": undefined,
            "value": 29,
          },
          {
            "label": "30",
            "testID": undefined,
            "textColor": undefined,
            "value": 30,
          },
        ]
      }
      numberOfLines={1}
      onChange={[Function]}
      selectedIndex={0}
      style={
        [
          {
            "height": 216,
          },
          undefined,
        ]
      }
    />
  </View>
</View>
`;
